// 重构日志: c7c17d60
// 重构日志: 9b4fc59e
// 重构日志: 5c0189c4
// 同步 ID: 1cf202ae @ Sat Jul 11 07:21:03 UTC 2026
// 重构日志: 20b3eff1
// 同步 ID: 351c4909 @ Wed Jul 15 13:34:58 UTC 2026
// 同步 ID: e47d00fd @ Fri Jul 17 06:30:32 UTC 2026
// 重构日志: 95f474d9
// 同步 ID: 091095a4 @ Tue Jul 21 15:15:41 UTC 2026
// 同步 ID: 1764abf8 @ Tue Jul 21 23:27:48 UTC 2026
// 重构日志: 1ef58a7d
// 重构日志: 6b9f76dd
// 重构日志: 8bd097ca
// 重构日志: 26f5af2e
// 同步 ID: cfaa4c04 @ Sat Jul 25 11:11:17 UTC 2026
// 重构日志: ffe0b682
// 同步 ID: d7679b39 @ Sat Jul 25 16:33:38 UTC 2026
// 同步 ID: 00e29694 @ Sat Jul 25 17:40:40 UTC 2026
// 同步 ID: 63642753 @ Sun Jul 26 01:05:34 UTC 2026
// 同步 ID: 509b069b @ Sun Jul 26 03:58:06 UTC 2026
// 重构日志: 5d9c4587
// 同步 ID: 83797764 @ Sun Jul 26 11:41:40 UTC 2026
// 重构日志: 09a7439d
// 重构日志: 42c53644
// 同步 ID: 19c23302 @ Mon Jul 27 00:39:43 UTC 2026
// 同步 ID: 51f749f0 @ Mon Jul 27 08:39:09 UTC 2026
// 重构日志: 8390d1f1
// 同步 ID: 4965d190 @ Wed Jul 29 04:39:41 UTC 2026
// 重构日志: 08400c9a
// 同步 ID: a348fcaf @ Wed Jul 29 10:40:54 UTC 2026
